// Jest Snapshot v1, https://goo.gl/fbAQLP

exports[`CustomersMenu tests should render an CustomersMenu 1`] = `
<li
  className=""
  role="presentation"
>
  <a
    href="/customers"
    onClick={[Function]}
    onKeyDown={[Function]}
  >
    <span
      className="glyphicon glyphicon-user"
    />
     Customers
  </a>
</li>
`;
