// Jest Snapshot v1, https://goo.gl/fbAQLP

exports[`InvoicesMenu tests should render an InvoicesMenu 1`] = `
<li
  className=""
  role="presentation"
>
  <a
    href="/invoices"
    onClick={[Function]}
    onKeyDown={[Function]}
  >
    <span
      className="glyphicon glyphicon-list-alt"
    />
     Invoices
  </a>
</li>
`;
